// Vitest Snapshot v1, https://vitest.dev/guide/snapshot.html

exports[`ssr > renders office manifest 1`] = `
"<!DOCTYPE html><html><head><meta charset="utf-8">
<meta name="viewport" content="width=device-width, initial-scale=1">
<link rel="modulepreload" as="script" crossorigin href="/_nuxt/BAuqzxza.js">
<link rel="prefetch" as="script" crossorigin href="/_nuxt/Bpdlt9sZ.js">
<link rel="prefetch" as="script" crossorigin href="/_nuxt/D-yKdDQk.js">
<link rel="prefetch" as="script" crossorigin href="/_nuxt/OSA3P17F.js">
<script type="module" src="/_nuxt/BAuqzxza.js" crossorigin></script></head><body><div id="__nuxt"><div> Nuxt module playground! </div></div><div id="teleports"></div><script type="application/json" id="__NUXT_DATA__" data-ssr="true">[["Reactive",1],{"data":2,"state":3,"once":4,"_errors":5,"serverRendered":6,"path":7},{},{},["Set"],{},true,"/outlook/manifest.xml"]</script>
<script>window.__NUXT__={};window.__NUXT__.config={public:{},app:{baseURL:"/",buildAssetsDir:"/_nuxt/",cdnURL:""}}</script></body></html>"
`;
