// Vitest Snapshot v1, https://vitest.dev/guide/snapshot.html

exports[`ssr > renders office manifest 1`] = `
"<?xml version="1.0" encoding="UTF-8"?>
<OfficeApp xmlns="http://schemas.microsoft.com/office/appforoffice/1.1" xmlns:xsi="http://www.w3.org/2001/XMLSchema-instance" xsi:type="TaskPaneApp">
  <Id>c6890c26-5bbb-40ed-a321-37f07909a2f0</Id>
  <Version>1.0</Version>
  <ProviderName>Contoso, Ltd</ProviderName>
  <DefaultLocale>en-US</DefaultLocale>
  <DisplayName DefaultValue="Contoso App" />
  <Description DefaultValue="Office add-in for Contoso App"/>
  <SupportUrl DefaultValue="https://contoso.com/support" />
  <AppDomains>
    <AppDomain>https://contoso.com</AppDomain>
  </AppDomains>
  <DefaultSettings>
    <SourceLocation DefaultValue="https://www.contoso.com/search_app/Default.aspx" />
  </DefaultSettings>
  <Permissions>ReadWriteDocument</Permissions>
  <WebApplicationInfo>
    <Id>c6890c26-5bbb-40ed-a321-37f07909a2f0</Id>
    <Resource>api://contoso.com/outlook/c6890c26-5bbb-40ed-a321-37f07909a2f0</Resource>
    <Scopes>
      <Scope>openid</Scope>
      <Scope>profile</Scope>
      <Scope>User.Read</Scope>
    </Scopes>
  </WebApplicationInfo>
</OfficeApp>"
`;
